// Jest Snapshot v1, https://goo.gl/fbAQLP

exports[`should render ExpenseList with empty message 1`] = `
<div>
  <p>
    No expenses
  </p>
</div>
`;

exports[`should render ExpenseList with given expenses 1`] = `
<div>
  <ExpenseListItem
    amount={1}
    createdAt={0}
    description="candy"
    id="1"
    key="1"
    note="sweet!"
  />
  <ExpenseListItem
    amount={1009500}
    createdAt={-345600000}
    description="rent"
    id="2"
    key="2"
    note="too much!"
  />
  <ExpenseListItem
    amount={4500}
    createdAt={345600000}
    description="credit card"
    id="3"
    key="3"
    note=""
  />
</div>
`;
