// Jest Snapshot v1, https://goo.gl/fbAQLP

exports[`should render ExpenseDashboardPage correctly 1`] = `
<Fragment>
  <Connect(ExpenseListFilters) />
  <Connect(ExpensesSummary) />
  <Connect(ExpenseList) />
</Fragment>
`;
