// Jest Snapshot v1, https://goo.gl/fbAQLP

exports[`should render the help page correctly 1`] = `
<Fragment>
  <div>
    Help
  </div>
  <button
    onClick={[Function]}
  >
    Go back
  </button>
</Fragment>
`;
