// Jest Snapshot v1, https://goo.gl/fbAQLP

exports[`should render NotFoundPage correctly 1`] = `
<Fragment>
  <p>
    404 - Not Found!
  </p>
  <Link
    replace={false}
    to="/"
  >
    Go home
  </Link>
</Fragment>
`;
